npm notice run groundtruth@0.1.0 npx
npm notice run 'tsx' pipeline/extract.ts
D003 1 rules 14s
D008 1 rules 14s
D004 2 rules 18s
D005 4 rules 23s
D010 2 rules 25s
D014 FAILED {"type":"error","error":{"details":null,"type":"overloaded_error","message":"Overloaded"},"request_id":"req_011Cffz6BmSvXZ3uynKP5viM"}
D006 10 rules 61s
D013 FAILED {"type":"error","error":{"details":null,"type":"overloaded_error","message":"Overloaded"},"request_id":"req_011Cffz51qcZqyUUKRKVJS1h"}
D011 FAILED {"type":"error","error":{"details":null,"type":"overloaded_error","message":"Overloaded"},"request_id":"req_011Cffz4NKdxTxGaeCJXPphs"}
D007 FAILED {"type":"error","error":{"details":null,"type":"overloaded_error","message":"Overloaded"},"request_id":"req_011Cffz3Lh8Wtbc2Mt51rnTD"}
D001 FAILED {"type":"error","error":{"details":null,"type":"overloaded_error","message":"Overloaded"},"request_id":"req_011Cffz3LgdzPccs3LwRgbn1"}
D012 FAILED {"type":"error","error":{"details":null,"type":"overloaded_error","message":"Overloaded"},"request_id":"req_011Cffz4gHNoK79bNNr1CNrd"}
D009 FAILED {"type":"error","error":{"details":null,"type":"overloaded_error","message":"Overloaded"},"request_id":"req_011Cffz3Lg9ZYCvs1HtU39bG"}
D026 FAILED {"type":"error","error":{"details":null,"type":"overloaded_error","message":"Overloaded"},"request_id":"req_011Cffz8ahPw4MBkNuTh6QA7"}
D023 FAILED {"type":"error","error":{"details":null,"type":"overloaded_error","message":"Overloaded"},"request_id":"req_011Cffz8aefogGTzBd1hipGJ"}
D022 2 rules 17s
D031 FAILED {"type":"error","error":{"details":null,"type":"overloaded_error","message":"Overloaded"},"request_id":"req_011Cffz95dwSmoH4FVKd9bnY"}
D029 1 rules 11s
D036 1 rules 9s
D016 5 rules 38s
D039 2 rules 14s
D045 1 rules 7s
D024 1 rules 30s
D042 2 rules 17s
D046 1 rules 9s
D047 1 rules 8s
D051 0 rules 9s
D040 5 rules 41s
D041 6 rules 47s
D050 1 rules 27s
D049 4 rules 32s
D027 4 rules 67s
D043 6 rules 53s
D057 1 rules 11s
D053 1 rules 20s
D058 1 rules 12s
D066 1 rules 12s
D069 1 rules 18s
D068 2 rules 22s
D076 2 rules 20s
D078 1 rules 9s
D073 2 rules 27s
D079 1 rules 12s
D052 9 rules 61s
D025 7 rules 110s
D065 6 rules 44s
D080 1 rules 12s
D084 2 rules 15s
D085 2 rules 19s
D082 3 rules 26s
D083 4 rules 26s
D067 12 rules 97s
failed: D014 D013 D011 D007 D001 D012 D009 D026 D023 D031
